Component: ARM Compiler 5.06 (build 20) Tool: armlink [4d35a3]

==============================================================================

Section Cross References

    osasm.o(.text) refers to os.o(.data) for RunPt
    os.o(i.OS_AddThreads) refers to osasm.o(.text) for StartCritical
    os.o(i.OS_AddThreads) refers to os.o(i.SetInitialStack) for SetInitialStack
    os.o(i.OS_AddThreads) refers to os.o(.bss) for tcbs
    os.o(i.OS_AddThreads) refers to os.o(.data) for RunPt
    os.o(i.OS_Init) refers to osasm.o(.text) for OS_DisableInterrupts
    os.o(i.OS_Init) refers to sysctl.o(i.SysCtlClockSet) for SysCtlClockSet
    os.o(i.OS_Init) refers to output.o(i.Output_Init) for Output_Init
    os.o(i.OS_Launch) refers to osasm.o(.text) for StartOS
    os.o(i.SetInitialStack) refers to os.o(.bss) for Stacks
    user.o(i.Task1) refers to osasm.o(.text) for StartCritical
    user.o(i.Task1) refers to printf3.o(i.__0printf$3) for __2printf
    user.o(i.Task1) refers to user.o(.emb_text) for Delay
    user.o(i.Task1) refers to user.o(.data) for Count1
    user.o(i.Task2) refers to osasm.o(.text) for StartCritical
    user.o(i.Task2) refers to printf3.o(i.__0printf$3) for __2printf
    user.o(i.Task2) refers to user.o(.data) for Count2
    user.o(i.Task3) refers to osasm.o(.text) for StartCritical
    user.o(i.Task3) refers to printf3.o(i.__0printf$3) for __2printf
    user.o(i.Task3) refers to user.o(.data) for Count3
    user.o(i.main) refers to os.o(i.OS_Init) for OS_Init
    user.o(i.main) refers to output.o(i.Output_Color) for Output_Color
    user.o(i.main) refers to os.o(i.OS_AddThreads) for OS_AddThreads
    user.o(i.main) refers to os.o(i.OS_Launch) for OS_Launch
    user.o(i.main) refers to user.o(i.Task3) for Task3
    user.o(i.main) refers to user.o(i.Task2) for Task2
    user.o(i.main) refers to user.o(i.Task1) for Task1
    interrupt.o(i.IntMasterDisable) refers to cpu.o(.emb_text) for CPUcpsid
    interrupt.o(i.IntMasterEnable) refers to cpu.o(.emb_text) for CPUcpsie
    interrupt.o(i.IntPriorityGet) refers to interrupt.o(.constdata) for g_pulRegs
    interrupt.o(i.IntPriorityGroupingGet) refers to interrupt.o(.constdata) for g_pulPriority
    interrupt.o(i.IntPriorityGroupingSet) refers to interrupt.o(.constdata) for g_pulPriority
    interrupt.o(i.IntPrioritySet) refers to interrupt.o(.constdata) for g_pulRegs
    interrupt.o(i.IntRegister) refers to interrupt.o(vtable) for g_pfnRAMVectors
    interrupt.o(i.IntUnregister) refers to interrupt.o(i.IntDefaultHandler) for IntDefaultHandler
    interrupt.o(i.IntUnregister) refers to interrupt.o(vtable) for g_pfnRAMVectors
    sysctl.o(i.SysCtlClockGet) refers to sysctl.o(.constdata) for g_pulXtals
    sysctl.o(i.SysCtlClockSet) refers to sysctl.o(.emb_text) for SysCtlDelay
    sysctl.o(i.SysCtlDeepSleep) refers to cpu.o(.emb_text) for CPUwfi
    sysctl.o(i.SysCtlI2SMClkSet) refers to sysctl.o(.constdata) for g_pulXtals
    sysctl.o(i.SysCtlIntRegister) refers to interrupt.o(i.IntRegister) for IntRegister
    sysctl.o(i.SysCtlIntRegister) refers to interrupt.o(i.IntEnable) for IntEnable
    sysctl.o(i.SysCtlIntUnregister) refers to interrupt.o(i.IntDisable) for IntDisable
    sysctl.o(i.SysCtlIntUnregister) refers to interrupt.o(i.IntUnregister) for IntUnregister
    sysctl.o(i.SysCtlPeripheralDeepSleepDisable) refers to sysctl.o(.constdata) for g_pulDCGCRegs
    sysctl.o(i.SysCtlPeripheralDeepSleepEnable) refers to sysctl.o(.constdata) for g_pulDCGCRegs
    sysctl.o(i.SysCtlPeripheralDisable) refers to sysctl.o(.constdata) for g_pulRCGCRegs
    sysctl.o(i.SysCtlPeripheralEnable) refers to sysctl.o(.constdata) for g_pulRCGCRegs
    sysctl.o(i.SysCtlPeripheralPresent) refers to sysctl.o(.constdata) for g_pulDCRegs
    sysctl.o(i.SysCtlPeripheralReset) refers to sysctl.o(.constdata) for g_pulSRCRRegs
    sysctl.o(i.SysCtlPeripheralSleepDisable) refers to sysctl.o(.constdata) for g_pulSCGCRegs
    sysctl.o(i.SysCtlPeripheralSleepEnable) refers to sysctl.o(.constdata) for g_pulSCGCRegs
    sysctl.o(i.SysCtlSleep) refers to cpu.o(.emb_text) for CPUwfi
    gpio.o(i.GPIOPinConfigure) refers to gpio.o(.constdata) for g_pulGPIOBaseAddrs
    gpio.o(i.GPIOPinTypeADC) refers to gpio.o(i.GPIODirModeSet) for GPIODirModeSet
    gpio.o(i.GPIOPinTypeADC) refers to gpio.o(i.GPIOPadConfigSet) for GPIOPadConfigSet
    gpio.o(i.GPIOPinTypeCAN) refers to gpio.o(i.GPIODirModeSet) for GPIODirModeSet
    gpio.o(i.GPIOPinTypeCAN) refers to gpio.o(i.GPIOPadConfigSet) for GPIOPadConfigSet
    gpio.o(i.GPIOPinTypeComparator) refers to gpio.o(i.GPIODirModeSet) for GPIODirModeSet
    gpio.o(i.GPIOPinTypeComparator) refers to gpio.o(i.GPIOPadConfigSet) for GPIOPadConfigSet
    gpio.o(i.GPIOPinTypeEPI) refers to gpio.o(i.GPIODirModeSet) for GPIODirModeSet
    gpio.o(i.GPIOPinTypeEPI) refers to gpio.o(i.GPIOPadConfigSet) for GPIOPadConfigSet
    gpio.o(i.GPIOPinTypeEthernetLED) refers to gpio.o(i.GPIODirModeSet) for GPIODirModeSet
    gpio.o(i.GPIOPinTypeEthernetLED) refers to gpio.o(i.GPIOPadConfigSet) for GPIOPadConfigSet
    gpio.o(i.GPIOPinTypeGPIOInput) refers to gpio.o(i.GPIODirModeSet) for GPIODirModeSet
    gpio.o(i.GPIOPinTypeGPIOInput) refers to gpio.o(i.GPIOPadConfigSet) for GPIOPadConfigSet
    gpio.o(i.GPIOPinTypeGPIOOutput) refers to gpio.o(i.GPIODirModeSet) for GPIODirModeSet
    gpio.o(i.GPIOPinTypeGPIOOutput) refers to gpio.o(i.GPIOPadConfigSet) for GPIOPadConfigSet
    gpio.o(i.GPIOPinTypeGPIOOutputOD) refers to gpio.o(i.GPIODirModeSet) for GPIODirModeSet
    gpio.o(i.GPIOPinTypeGPIOOutputOD) refers to gpio.o(i.GPIOPadConfigSet) for GPIOPadConfigSet
    gpio.o(i.GPIOPinTypeI2C) refers to gpio.o(i.GPIODirModeSet) for GPIODirModeSet
    gpio.o(i.GPIOPinTypeI2C) refers to gpio.o(i.GPIOPadConfigSet) for GPIOPadConfigSet
    gpio.o(i.GPIOPinTypeI2S) refers to gpio.o(i.GPIODirModeSet) for GPIODirModeSet
    gpio.o(i.GPIOPinTypeI2S) refers to gpio.o(i.GPIOPadConfigSet) for GPIOPadConfigSet
    gpio.o(i.GPIOPinTypePWM) refers to gpio.o(i.GPIODirModeSet) for GPIODirModeSet
    gpio.o(i.GPIOPinTypePWM) refers to gpio.o(i.GPIOPadConfigSet) for GPIOPadConfigSet
    gpio.o(i.GPIOPinTypeQEI) refers to gpio.o(i.GPIODirModeSet) for GPIODirModeSet
    gpio.o(i.GPIOPinTypeQEI) refers to gpio.o(i.GPIOPadConfigSet) for GPIOPadConfigSet
    gpio.o(i.GPIOPinTypeSSI) refers to gpio.o(i.GPIODirModeSet) for GPIODirModeSet
    gpio.o(i.GPIOPinTypeSSI) refers to gpio.o(i.GPIOPadConfigSet) for GPIOPadConfigSet
    gpio.o(i.GPIOPinTypeTimer) refers to gpio.o(i.GPIODirModeSet) for GPIODirModeSet
    gpio.o(i.GPIOPinTypeTimer) refers to gpio.o(i.GPIOPadConfigSet) for GPIOPadConfigSet
    gpio.o(i.GPIOPinTypeUART) refers to gpio.o(i.GPIODirModeSet) for GPIODirModeSet
    gpio.o(i.GPIOPinTypeUART) refers to gpio.o(i.GPIOPadConfigSet) for GPIOPadConfigSet
    gpio.o(i.GPIOPinTypeUSBAnalog) refers to gpio.o(i.GPIODirModeSet) for GPIODirModeSet
    gpio.o(i.GPIOPinTypeUSBAnalog) refers to gpio.o(i.GPIOPadConfigSet) for GPIOPadConfigSet
    gpio.o(i.GPIOPinTypeUSBDigital) refers to gpio.o(i.GPIODirModeSet) for GPIODirModeSet
    gpio.o(i.GPIOPinTypeUSBDigital) refers to gpio.o(i.GPIOPadConfigSet) for GPIOPadConfigSet
    gpio.o(i.GPIOPortIntRegister) refers to gpio.o(i.GPIOGetIntNumber) for GPIOGetIntNumber
    gpio.o(i.GPIOPortIntRegister) refers to interrupt.o(i.IntRegister) for IntRegister
    gpio.o(i.GPIOPortIntRegister) refers to interrupt.o(i.IntEnable) for IntEnable
    gpio.o(i.GPIOPortIntUnregister) refers to gpio.o(i.GPIOGetIntNumber) for GPIOGetIntNumber
    gpio.o(i.GPIOPortIntUnregister) refers to interrupt.o(i.IntDisable) for IntDisable
    gpio.o(i.GPIOPortIntUnregister) refers to interrupt.o(i.IntUnregister) for IntUnregister
    output.o(i.Output_Clear) refers to rit128x96x4.o(i.RIT128x96x4Clear) for RIT128x96x4Clear
    output.o(i.Output_Clear) refers to output.o(.bss) for CharBuffer
    output.o(i.Output_Clear) refers to output.o(.data) for CursorX
    output.o(i.Output_Color) refers to output.o(.data) for Color
    output.o(i.Output_Init) refers to rit128x96x4.o(i.RIT128x96x4Init) for RIT128x96x4Init
    output.o(i.Output_Init) refers to output.o(.bss) for CharBuffer
    output.o(i.Output_Init) refers to output.o(.data) for CursorX
    output.o(i.Output_Off) refers to rit128x96x4.o(i.RIT128x96x4DisplayOff) for RIT128x96x4DisplayOff
    output.o(i.Output_Off) refers to output.o(.data) for Status
    output.o(i.Output_On) refers to rit128x96x4.o(i.RIT128x96x4DisplayOn) for RIT128x96x4DisplayOn
    output.o(i.Output_On) refers to output.o(.data) for Status
    output.o(i.fputc) refers to rit128x96x4.o(i.RIT128x96x4StringDraw) for RIT128x96x4StringDraw
    output.o(i.fputc) refers to output.o(i.shiftEverythingUp) for shiftEverythingUp
    output.o(i.fputc) refers to output.o(.data) for Status
    output.o(i.fputc) refers to output.o(.bss) for CharBuffer
    output.o(i.shiftEverythingUp) refers to rit128x96x4.o(i.RIT128x96x4StringDraw) for RIT128x96x4StringDraw
    output.o(i.shiftEverythingUp) refers to output.o(.bss) for CharBuffer
    output.o(i.shiftEverythingUp) refers to output.o(.data) for Color
    rit128x96x4.o(i.RIT128x96x4Clear) refers to rit128x96x4.o(i.RITWriteCommand) for RITWriteCommand
    rit128x96x4.o(i.RIT128x96x4Clear) refers to rit128x96x4.o(i.RITWriteData) for RITWriteData
    rit128x96x4.o(i.RIT128x96x4Clear) refers to rit128x96x4.o(.data) for g_pucBuffer
    rit128x96x4.o(i.RIT128x96x4Clear) refers to rit128x96x4.o(.constdata) for pucCommand1
    rit128x96x4.o(i.RIT128x96x4Disable) refers to ssi.o(i.SSIDataGetNonBlocking) for SSIDataGetNonBlocking
    rit128x96x4.o(i.RIT128x96x4Disable) refers to ssi.o(i.SSIDisable) for SSIDisable
    rit128x96x4.o(i.RIT128x96x4Disable) refers to gpio.o(i.GPIOPinTypeGPIOOutput) for GPIOPinTypeGPIOOutput
    rit128x96x4.o(i.RIT128x96x4Disable) refers to gpio.o(i.GPIOPadConfigSet) for GPIOPadConfigSet
    rit128x96x4.o(i.RIT128x96x4Disable) refers to gpio.o(i.GPIOPinWrite) for GPIOPinWrite
    rit128x96x4.o(i.RIT128x96x4Disable) refers to rit128x96x4.o(.data) for g_ulSSIFlags
    rit128x96x4.o(i.RIT128x96x4DisplayOff) refers to rit128x96x4.o(i.RITWriteCommand) for RITWriteCommand
    rit128x96x4.o(i.RIT128x96x4DisplayOff) refers to rit128x96x4.o(.constdata) for pucCommand1
    rit128x96x4.o(i.RIT128x96x4DisplayOn) refers to rit128x96x4.o(i.RITWriteCommand) for RITWriteCommand
    rit128x96x4.o(i.RIT128x96x4DisplayOn) refers to rit128x96x4.o(.constdata) for g_pucRIT128x96x4Init
    rit128x96x4.o(i.RIT128x96x4Enable) refers to ssi.o(i.SSIDisable) for SSIDisable
    rit128x96x4.o(i.RIT128x96x4Enable) refers to sysctl.o(i.SysCtlClockGet) for SysCtlClockGet
    rit128x96x4.o(i.RIT128x96x4Enable) refers to ssi.o(i.SSIConfigSetExpClk) for SSIConfigSetExpClk
    rit128x96x4.o(i.RIT128x96x4Enable) refers to gpio.o(i.GPIOPinTypeSSI) for GPIOPinTypeSSI
    rit128x96x4.o(i.RIT128x96x4Enable) refers to gpio.o(i.GPIOPadConfigSet) for GPIOPadConfigSet
    rit128x96x4.o(i.RIT128x96x4Enable) refers to ssi.o(i.SSIEnable) for SSIEnable
    rit128x96x4.o(i.RIT128x96x4Enable) refers to rit128x96x4.o(.data) for g_ulSSIFlags
    rit128x96x4.o(i.RIT128x96x4ImageDraw) refers to rit128x96x4.o(i.RITWriteCommand) for RITWriteCommand
    rit128x96x4.o(i.RIT128x96x4ImageDraw) refers to rit128x96x4.o(i.RITWriteData) for RITWriteData
    rit128x96x4.o(i.RIT128x96x4ImageDraw) refers to rit128x96x4.o(.data) for g_pucBuffer
    rit128x96x4.o(i.RIT128x96x4ImageDraw) refers to rit128x96x4.o(.constdata) for g_pucRIT128x96x4HorizontalInc
    rit128x96x4.o(i.RIT128x96x4Init) refers to sysctl.o(i.SysCtlPeripheralEnable) for SysCtlPeripheralEnable
    rit128x96x4.o(i.RIT128x96x4Init) refers to gpio.o(i.GPIOPinTypeSSI) for GPIOPinTypeSSI
    rit128x96x4.o(i.RIT128x96x4Init) refers to gpio.o(i.GPIOPadConfigSet) for GPIOPadConfigSet
    rit128x96x4.o(i.RIT128x96x4Init) refers to gpio.o(i.GPIOPinTypeGPIOOutput) for GPIOPinTypeGPIOOutput
    rit128x96x4.o(i.RIT128x96x4Init) refers to gpio.o(i.GPIOPinWrite) for GPIOPinWrite
    rit128x96x4.o(i.RIT128x96x4Init) refers to rit128x96x4.o(i.RIT128x96x4Enable) for RIT128x96x4Enable
    rit128x96x4.o(i.RIT128x96x4Init) refers to rit128x96x4.o(i.RIT128x96x4Clear) for RIT128x96x4Clear
    rit128x96x4.o(i.RIT128x96x4Init) refers to rit128x96x4.o(i.RITWriteCommand) for RITWriteCommand
    rit128x96x4.o(i.RIT128x96x4Init) refers to rit128x96x4.o(.data) for g_ulSSIFlags
    rit128x96x4.o(i.RIT128x96x4Init) refers to rit128x96x4.o(.constdata) for g_pucRIT128x96x4Init
    rit128x96x4.o(i.RIT128x96x4StringDraw) refers to rit128x96x4.o(i.RITWriteCommand) for RITWriteCommand
    rit128x96x4.o(i.RIT128x96x4StringDraw) refers to rit128x96x4.o(i.RITWriteData) for RITWriteData
    rit128x96x4.o(i.RIT128x96x4StringDraw) refers to rit128x96x4.o(.data) for g_pucBuffer
    rit128x96x4.o(i.RIT128x96x4StringDraw) refers to rit128x96x4.o(.constdata) for g_pucRIT128x96x4VerticalInc
    rit128x96x4.o(i.RITWriteCommand) refers to ssi.o(i.SSIBusy) for SSIBusy
    rit128x96x4.o(i.RITWriteCommand) refers to gpio.o(i.GPIOPinWrite) for GPIOPinWrite
    rit128x96x4.o(i.RITWriteCommand) refers to ssi.o(i.SSIDataPut) for SSIDataPut
    rit128x96x4.o(i.RITWriteCommand) refers to rit128x96x4.o(.data) for g_ulSSIFlags
    rit128x96x4.o(i.RITWriteData) refers to ssi.o(i.SSIBusy) for SSIBusy
    rit128x96x4.o(i.RITWriteData) refers to gpio.o(i.GPIOPinWrite) for GPIOPinWrite
    rit128x96x4.o(i.RITWriteData) refers to ssi.o(i.SSIDataPut) for SSIDataPut
    rit128x96x4.o(i.RITWriteData) refers to rit128x96x4.o(.data) for g_ulSSIFlags
    ssi.o(i.SSIIntRegister) refers to interrupt.o(i.IntRegister) for IntRegister
    ssi.o(i.SSIIntRegister) refers to interrupt.o(i.IntEnable) for IntEnable
    ssi.o(i.SSIIntUnregister) refers to interrupt.o(i.IntDisable) for IntDisable
    ssi.o(i.SSIIntUnregister) refers to interrupt.o(i.IntUnregister) for IntUnregister
    startup.o(RESET) refers to startup.o(STACK) for StackMem
    startup.o(RESET) refers to osasm.o(.text) for SysTick_Handler
    startup.o(RESET) refers to entry.o(.ARM.Collect$$$$00000000) for __main
    entry.o(.ARM.Collect$$$$00000000) refers (Special) to entry10a.o(.ARM.Collect$$$$0000000D) for __rt_final_cpp
    entry.o(.ARM.Collect$$$$00000000) refers (Special) to entry11a.o(.ARM.Collect$$$$0000000F) for __rt_final_exit
    entry.o(.ARM.Collect$$$$00000000) refers (Special) to entry7b.o(.ARM.Collect$$$$00000008) for _main_clock
    entry.o(.ARM.Collect$$$$00000000) refers (Special) to entry8b.o(.ARM.Collect$$$$0000000A) for _main_cpp_init
    entry.o(.ARM.Collect$$$$00000000) refers (Special) to entry9a.o(.ARM.Collect$$$$0000000B) for _main_init
    entry.o(.ARM.Collect$$$$00000000) refers (Special) to entry5.o(.ARM.Collect$$$$00000004) for _main_scatterload
    entry.o(.ARM.Collect$$$$00000000) refers (Special) to entry2.o(.ARM.Collect$$$$00000001) for _main_stk
    printfb.o(i.__0fprintf$bare) refers to printfb.o(i._printf_core) for _printf_core
    printfb.o(i.__0fprintf$bare) refers to output.o(i.fputc) for fputc
    printfb.o(i.__0printf$bare) refers to printfb.o(i._printf_core) for _printf_core
    printfb.o(i.__0printf$bare) refers to output.o(i.fputc) for fputc
    printfb.o(i.__0printf$bare) refers to stdout.o(.data) for __stdout
    printfb.o(i.__0snprintf$bare) refers to printfb.o(i._printf_core) for _printf_core
    printfb.o(i.__0snprintf$bare) refers to printfb.o(i._snputc) for _snputc
    printfb.o(i.__0sprintf$bare) refers to printfb.o(i._printf_core) for _printf_core
    printfb.o(i.__0sprintf$bare) refers to printfb.o(i._sputc) for _sputc
    printfb.o(i.__0vfprintf$bare) refers to printfb.o(i._printf_core) for _printf_core
    printfb.o(i.__0vfprintf$bare) refers to output.o(i.fputc) for fputc
    printfb.o(i.__0vprintf$bare) refers to printfb.o(i._printf_core) for _printf_core
    printfb.o(i.__0vprintf$bare) refers to output.o(i.fputc) for fputc
    printfb.o(i.__0vprintf$bare) refers to stdout.o(.data) for __stdout
    printfb.o(i.__0vsnprintf$bare) refers to printfb.o(i._printf_core) for _printf_core
    printfb.o(i.__0vsnprintf$bare) refers to printfb.o(i._snputc) for _snputc
    printfb.o(i.__0vsprintf$bare) refers to printfb.o(i._printf_core) for _printf_core
    printfb.o(i.__0vsprintf$bare) refers to printfb.o(i._sputc) for _sputc
    printf0.o(i.__0fprintf$0) refers to printf0.o(i._printf_core) for _printf_core
    printf0.o(i.__0fprintf$0) refers to output.o(i.fputc) for fputc
    printf0.o(i.__0printf$0) refers to printf0.o(i._printf_core) for _printf_core
    printf0.o(i.__0printf$0) refers to output.o(i.fputc) for fputc
    printf0.o(i.__0printf$0) refers to stdout.o(.data) for __stdout
    printf0.o(i.__0snprintf$0) refers to printf0.o(i._printf_core) for _printf_core
    printf0.o(i.__0snprintf$0) refers to printf0.o(i._snputc) for _snputc
    printf0.o(i.__0sprintf$0) refers to printf0.o(i._printf_core) for _printf_core
    printf0.o(i.__0sprintf$0) refers to printf0.o(i._sputc) for _sputc
    printf0.o(i.__0vfprintf$0) refers to printf0.o(i._printf_core) for _printf_core
    printf0.o(i.__0vfprintf$0) refers to output.o(i.fputc) for fputc
    printf0.o(i.__0vprintf$0) refers to printf0.o(i._printf_core) for _printf_core
    printf0.o(i.__0vprintf$0) refers to output.o(i.fputc) for fputc
    printf0.o(i.__0vprintf$0) refers to stdout.o(.data) for __stdout
    printf0.o(i.__0vsnprintf$0) refers to printf0.o(i._printf_core) for _printf_core
    printf0.o(i.__0vsnprintf$0) refers to printf0.o(i._snputc) for _snputc
    printf0.o(i.__0vsprintf$0) refers to printf0.o(i._printf_core) for _printf_core
    printf0.o(i.__0vsprintf$0) refers to printf0.o(i._sputc) for _sputc
    printf1.o(i.__0fprintf$1) refers to printf1.o(i._printf_core) for _printf_core
    printf1.o(i.__0fprintf$1) refers to output.o(i.fputc) for fputc
    printf1.o(i.__0printf$1) refers to printf1.o(i._printf_core) for _printf_core
    printf1.o(i.__0printf$1) refers to output.o(i.fputc) for fputc
    printf1.o(i.__0printf$1) refers to stdout.o(.data) for __stdout
    printf1.o(i.__0snprintf$1) refers to printf1.o(i._printf_core) for _printf_core
    printf1.o(i.__0snprintf$1) refers to printf1.o(i._snputc) for _snputc
    printf1.o(i.__0sprintf$1) refers to printf1.o(i._printf_core) for _printf_core
    printf1.o(i.__0sprintf$1) refers to printf1.o(i._sputc) for _sputc
    printf1.o(i.__0vfprintf$1) refers to printf1.o(i._printf_core) for _printf_core
    printf1.o(i.__0vfprintf$1) refers to output.o(i.fputc) for fputc
    printf1.o(i.__0vprintf$1) refers to printf1.o(i._printf_core) for _printf_core
    printf1.o(i.__0vprintf$1) refers to output.o(i.fputc) for fputc
    printf1.o(i.__0vprintf$1) refers to stdout.o(.data) for __stdout
    printf1.o(i.__0vsnprintf$1) refers to printf1.o(i._printf_core) for _printf_core
    printf1.o(i.__0vsnprintf$1) refers to printf1.o(i._snputc) for _snputc
    printf1.o(i.__0vsprintf$1) refers to printf1.o(i._printf_core) for _printf_core
    printf1.o(i.__0vsprintf$1) refers to printf1.o(i._sputc) for _sputc
    printf1.o(i._printf_core) refers to uidiv.o(.text) for __aeabi_uidivmod
    printf2.o(i.__0fprintf$2) refers to printf2.o(i._printf_core) for _printf_core
    printf2.o(i.__0fprintf$2) refers to output.o(i.fputc) for fputc
    printf2.o(i.__0printf$2) refers to printf2.o(i._printf_core) for _printf_core
    printf2.o(i.__0printf$2) refers to output.o(i.fputc) for fputc
    printf2.o(i.__0printf$2) refers to stdout.o(.data) for __stdout
    printf2.o(i.__0snprintf$2) refers to printf2.o(i._printf_core) for _printf_core
    printf2.o(i.__0snprintf$2) refers to printf2.o(i._snputc) for _snputc
    printf2.o(i.__0sprintf$2) refers to printf2.o(i._printf_core) for _printf_core
    printf2.o(i.__0sprintf$2) refers to printf2.o(i._sputc) for _sputc
    printf2.o(i.__0vfprintf$2) refers to printf2.o(i._printf_core) for _printf_core
    printf2.o(i.__0vfprintf$2) refers to output.o(i.fputc) for fputc
    printf2.o(i.__0vprintf$2) refers to printf2.o(i._printf_core) for _printf_core
    printf2.o(i.__0vprintf$2) refers to output.o(i.fputc) for fputc
    printf2.o(i.__0vprintf$2) refers to stdout.o(.data) for __stdout
    printf2.o(i.__0vsnprintf$2) refers to printf2.o(i._printf_core) for _printf_core
    printf2.o(i.__0vsnprintf$2) refers to printf2.o(i._snputc) for _snputc
    printf2.o(i.__0vsprintf$2) refers to printf2.o(i._printf_core) for _printf_core
    printf2.o(i.__0vsprintf$2) refers to printf2.o(i._sputc) for _sputc
    printf3.o(i.__0fprintf$3) refers to printf3.o(i._printf_core) for _printf_core
    printf3.o(i.__0fprintf$3) refers to output.o(i.fputc) for fputc
    printf3.o(i.__0printf$3) refers to printf3.o(i._printf_core) for _printf_core
    printf3.o(i.__0printf$3) refers to output.o(i.fputc) for fputc
    printf3.o(i.__0printf$3) refers to stdout.o(.data) for __stdout
    printf3.o(i.__0snprintf$3) refers to printf3.o(i._printf_core) for _printf_core
    printf3.o(i.__0snprintf$3) refers to printf3.o(i._snputc) for _snputc
    printf3.o(i.__0sprintf$3) refers to printf3.o(i._printf_core) for _printf_core
    printf3.o(i.__0sprintf$3) refers to printf3.o(i._sputc) for _sputc
    printf3.o(i.__0vfprintf$3) refers to printf3.o(i._printf_core) for _printf_core
    printf3.o(i.__0vfprintf$3) refers to output.o(i.fputc) for fputc
    printf3.o(i.__0vprintf$3) refers to printf3.o(i._printf_core) for _printf_core
    printf3.o(i.__0vprintf$3) refers to output.o(i.fputc) for fputc
    printf3.o(i.__0vprintf$3) refers to stdout.o(.data) for __stdout
    printf3.o(i.__0vsnprintf$3) refers to printf3.o(i._printf_core) for _printf_core
    printf3.o(i.__0vsnprintf$3) refers to printf3.o(i._snputc) for _snputc
    printf3.o(i.__0vsprintf$3) refers to printf3.o(i._printf_core) for _printf_core
    printf3.o(i.__0vsprintf$3) refers to printf3.o(i._sputc) for _sputc
    printf3.o(i._printf_core) refers to uidiv.o(.text) for __aeabi_uidivmod
    printf4.o(i.__0fprintf$4) refers to printf4.o(i._printf_core) for _printf_core
    printf4.o(i.__0fprintf$4) refers to output.o(i.fputc) for fputc
    printf4.o(i.__0printf$4) refers to printf4.o(i._printf_core) for _printf_core
    printf4.o(i.__0printf$4) refers to output.o(i.fputc) for fputc
    printf4.o(i.__0printf$4) refers to stdout.o(.data) for __stdout
    printf4.o(i.__0snprintf$4) refers to printf4.o(i._printf_core) for _printf_core
    printf4.o(i.__0snprintf$4) refers to printf4.o(i._snputc) for _snputc
    printf4.o(i.__0sprintf$4) refers to printf4.o(i._printf_core) for _printf_core
    printf4.o(i.__0sprintf$4) refers to printf4.o(i._sputc) for _sputc
    printf4.o(i.__0vfprintf$4) refers to printf4.o(i._printf_core) for _printf_core
    printf4.o(i.__0vfprintf$4) refers to output.o(i.fputc) for fputc
    printf4.o(i.__0vprintf$4) refers to printf4.o(i._printf_core) for _printf_core
    printf4.o(i.__0vprintf$4) refers to output.o(i.fputc) for fputc
    printf4.o(i.__0vprintf$4) refers to stdout.o(.data) for __stdout
    printf4.o(i.__0vsnprintf$4) refers to printf4.o(i._printf_core) for _printf_core
    printf4.o(i.__0vsnprintf$4) refers to printf4.o(i._snputc) for _snputc
    printf4.o(i.__0vsprintf$4) refers to printf4.o(i._printf_core) for _printf_core
    printf4.o(i.__0vsprintf$4) refers to printf4.o(i._sputc) for _sputc
    printf4.o(i._printf_core) refers to uldiv.o(.text) for __aeabi_uldivmod
    printf5.o(i.__0fprintf$5) refers to printf5.o(i._printf_core) for _printf_core
    printf5.o(i.__0fprintf$5) refers to output.o(i.fputc) for fputc
    printf5.o(i.__0printf$5) refers to printf5.o(i._printf_core) for _printf_core
    printf5.o(i.__0printf$5) refers to output.o(i.fputc) for fputc
    printf5.o(i.__0printf$5) refers to stdout.o(.data) for __stdout
    printf5.o(i.__0snprintf$5) refers to printf5.o(i._printf_core) for _printf_core
    printf5.o(i.__0snprintf$5) refers to printf5.o(i._snputc) for _snputc
    printf5.o(i.__0sprintf$5) refers to printf5.o(i._printf_core) for _printf_core
    printf5.o(i.__0sprintf$5) refers to printf5.o(i._sputc) for _sputc
    printf5.o(i.__0vfprintf$5) refers to printf5.o(i._printf_core) for _printf_core
    printf5.o(i.__0vfprintf$5) refers to output.o(i.fputc) for fputc
    printf5.o(i.__0vprintf$5) refers to printf5.o(i._printf_core) for _printf_core
    printf5.o(i.__0vprintf$5) refers to output.o(i.fputc) for fputc
    printf5.o(i.__0vprintf$5) refers to stdout.o(.data) for __stdout
    printf5.o(i.__0vsnprintf$5) refers to printf5.o(i._printf_core) for _printf_core
    printf5.o(i.__0vsnprintf$5) refers to printf5.o(i._snputc) for _snputc
    printf5.o(i.__0vsprintf$5) refers to printf5.o(i._printf_core) for _printf_core
    printf5.o(i.__0vsprintf$5) refers to printf5.o(i._sputc) for _sputc
    printf5.o(i._printf_core) refers to uldiv.o(.text) for __aeabi_uldivmod
    printf6.o(i.__0fprintf$6) refers to printf6.o(i._printf_core) for _printf_core
    printf6.o(i.__0fprintf$6) refers to output.o(i.fputc) for fputc
    printf6.o(i.__0printf$6) refers to printf6.o(i._printf_core) for _printf_core
    printf6.o(i.__0printf$6) refers to output.o(i.fputc) for fputc
    printf6.o(i.__0printf$6) refers to stdout.o(.data) for __stdout
    printf6.o(i.__0snprintf$6) refers to printf6.o(i._printf_core) for _printf_core
    printf6.o(i.__0snprintf$6) refers to printf6.o(i._snputc) for _snputc
    printf6.o(i.__0sprintf$6) refers to printf6.o(i._printf_core) for _printf_core
    printf6.o(i.__0sprintf$6) refers to printf6.o(i._sputc) for _sputc
    printf6.o(i.__0vfprintf$6) refers to printf6.o(i._printf_core) for _printf_core
    printf6.o(i.__0vfprintf$6) refers to output.o(i.fputc) for fputc
    printf6.o(i.__0vprintf$6) refers to printf6.o(i._printf_core) for _printf_core
    printf6.o(i.__0vprintf$6) refers to output.o(i.fputc) for fputc
    printf6.o(i.__0vprintf$6) refers to stdout.o(.data) for __stdout
    printf6.o(i.__0vsnprintf$6) refers to printf6.o(i._printf_core) for _printf_core
    printf6.o(i.__0vsnprintf$6) refers to printf6.o(i._snputc) for _snputc
    printf6.o(i.__0vsprintf$6) refers to printf6.o(i._printf_core) for _printf_core
    printf6.o(i.__0vsprintf$6) refers to printf6.o(i._sputc) for _sputc
    printf6.o(i._printf_core) refers to printf6.o(i._printf_pre_padding) for _printf_pre_padding
    printf6.o(i._printf_core) refers to uidiv.o(.text) for __aeabi_uidivmod
    printf6.o(i._printf_core) refers to printf6.o(i._printf_post_padding) for _printf_post_padding
    printf7.o(i.__0fprintf$7) refers to printf7.o(i._printf_core) for _printf_core
    printf7.o(i.__0fprintf$7) refers to output.o(i.fputc) for fputc
    printf7.o(i.__0printf$7) refers to printf7.o(i._printf_core) for _printf_core
    printf7.o(i.__0printf$7) refers to output.o(i.fputc) for fputc
    printf7.o(i.__0printf$7) refers to stdout.o(.data) for __stdout
    printf7.o(i.__0snprintf$7) refers to printf7.o(i._printf_core) for _printf_core
    printf7.o(i.__0snprintf$7) refers to printf7.o(i._snputc) for _snputc
    printf7.o(i.__0sprintf$7) refers to printf7.o(i._printf_core) for _printf_core
    printf7.o(i.__0sprintf$7) refers to printf7.o(i._sputc) for _sputc
    printf7.o(i.__0vfprintf$7) refers to printf7.o(i._printf_core) for _printf_core
    printf7.o(i.__0vfprintf$7) refers to output.o(i.fputc) for fputc
    printf7.o(i.__0vprintf$7) refers to printf7.o(i._printf_core) for _printf_core
    printf7.o(i.__0vprintf$7) refers to output.o(i.fputc) for fputc
    printf7.o(i.__0vprintf$7) refers to stdout.o(.data) for __stdout
    printf7.o(i.__0vsnprintf$7) refers to printf7.o(i._printf_core) for _printf_core
    printf7.o(i.__0vsnprintf$7) refers to printf7.o(i._snputc) for _snputc
    printf7.o(i.__0vsprintf$7) refers to printf7.o(i._printf_core) for _printf_core
    printf7.o(i.__0vsprintf$7) refers to printf7.o(i._sputc) for _sputc
    printf7.o(i._printf_core) refers to printf7.o(i._printf_pre_padding) for _printf_pre_padding
    printf7.o(i._printf_core) refers to uldiv.o(.text) for __aeabi_uldivmod
    printf7.o(i._printf_core) refers to printf7.o(i._printf_post_padding) for _printf_post_padding
    printf8.o(i.__0fprintf$8) refers to printf8.o(i._printf_core) for _printf_core
    printf8.o(i.__0fprintf$8) refers to output.o(i.fputc) for fputc
    printf8.o(i.__0printf$8) refers to printf8.o(i._printf_core) for _printf_core
    printf8.o(i.__0printf$8) refers to output.o(i.fputc) for fputc
    printf8.o(i.__0printf$8) refers to stdout.o(.data) for __stdout
    printf8.o(i.__0snprintf$8) refers to printf8.o(i._printf_core) for _printf_core
    printf8.o(i.__0snprintf$8) refers to printf8.o(i._snputc) for _snputc
    printf8.o(i.__0sprintf$8) refers to printf8.o(i._printf_core) for _printf_core
    printf8.o(i.__0sprintf$8) refers to printf8.o(i._sputc) for _sputc
    printf8.o(i.__0vfprintf$8) refers to printf8.o(i._printf_core) for _printf_core
    printf8.o(i.__0vfprintf$8) refers to output.o(i.fputc) for fputc
    printf8.o(i.__0vprintf$8) refers to printf8.o(i._printf_core) for _printf_core
    printf8.o(i.__0vprintf$8) refers to output.o(i.fputc) for fputc
    printf8.o(i.__0vprintf$8) refers to stdout.o(.data) for __stdout
    printf8.o(i.__0vsnprintf$8) refers to printf8.o(i._printf_core) for _printf_core
    printf8.o(i.__0vsnprintf$8) refers to printf8.o(i._snputc) for _snputc
    printf8.o(i.__0vsprintf$8) refers to printf8.o(i._printf_core) for _printf_core
    printf8.o(i.__0vsprintf$8) refers to printf8.o(i._sputc) for _sputc
    printf8.o(i._printf_core) refers to printf8.o(i._printf_pre_padding) for _printf_pre_padding
    printf8.o(i._printf_core) refers to uldiv.o(.text) for __aeabi_uldivmod
    printf8.o(i._printf_core) refers to printf8.o(i._printf_post_padding) for _printf_post_padding
    printfa.o(i.__0fprintf) refers (Special) to iusefp.o(.text) for __I$use$fp
    printfa.o(i.__0fprintf) refers to printfa.o(i._printf_core) for _printf_core
    printfa.o(i.__0fprintf) refers to output.o(i.fputc) for fputc
    printfa.o(i.__0printf) refers (Special) to iusefp.o(.text) for __I$use$fp
    printfa.o(i.__0printf) refers to printfa.o(i._printf_core) for _printf_core
    printfa.o(i.__0printf) refers to output.o(i.fputc) for fputc
    printfa.o(i.__0printf) refers to stdout.o(.data) for __stdout
    printfa.o(i.__0snprintf) refers (Special) to iusefp.o(.text) for __I$use$fp
    printfa.o(i.__0snprintf) refers to printfa.o(i._printf_core) for _printf_core
    printfa.o(i.__0snprintf) refers to printfa.o(i._snputc) for _snputc
    printfa.o(i.__0sprintf) refers (Special) to iusefp.o(.text) for __I$use$fp
    printfa.o(i.__0sprintf) refers to printfa.o(i._printf_core) for _printf_core
    printfa.o(i.__0sprintf) refers to printfa.o(i._sputc) for _sputc
    printfa.o(i.__0vfprintf) refers (Special) to iusefp.o(.text) for __I$use$fp
    printfa.o(i.__0vfprintf) refers to printfa.o(i._printf_core) for _printf_core
    printfa.o(i.__0vfprintf) refers to output.o(i.fputc) for fputc
    printfa.o(i.__0vprintf) refers (Special) to iusefp.o(.text) for __I$use$fp
    printfa.o(i.__0vprintf) refers to printfa.o(i._printf_core) for _printf_core
    printfa.o(i.__0vprintf) refers to output.o(i.fputc) for fputc
    printfa.o(i.__0vprintf) refers to stdout.o(.data) for __stdout
    printfa.o(i.__0vsnprintf) refers (Special) to iusefp.o(.text) for __I$use$fp
    printfa.o(i.__0vsnprintf) refers to printfa.o(i._printf_core) for _printf_core
    printfa.o(i.__0vsnprintf) refers to printfa.o(i._snputc) for _snputc
    printfa.o(i.__0vsprintf) refers (Special) to iusefp.o(.text) for __I$use$fp
    printfa.o(i.__0vsprintf) refers to printfa.o(i._printf_core) for _printf_core
    printfa.o(i.__0vsprintf) refers to printfa.o(i._sputc) for _sputc
    printfa.o(i._fp_digits) refers (Special) to iusefp.o(.text) for __I$use$fp
    printfa.o(i._fp_digits) refers to dmul.o(.text) for __aeabi_dmul
    printfa.o(i._fp_digits) refers to ddiv.o(.text) for __aeabi_ddiv
    printfa.o(i._fp_digits) refers to cdrcmple.o(.text) for __aeabi_cdrcmple
    printfa.o(i._fp_digits) refers to dadd.o(.text) for __aeabi_dadd
    printfa.o(i._fp_digits) refers to dfixul.o(.text) for __aeabi_d2ulz
    printfa.o(i._fp_digits) refers to uldiv.o(.text) for __aeabi_uldivmod
    printfa.o(i._printf_core) refers (Special) to iusefp.o(.text) for __I$use$fp
    printfa.o(i._printf_core) refers to printfa.o(i._printf_pre_padding) for _printf_pre_padding
    printfa.o(i._printf_core) refers to uldiv.o(.text) for __aeabi_uldivmod
    printfa.o(i._printf_core) refers to printfa.o(i._printf_post_padding) for _printf_post_padding
    printfa.o(i._printf_core) refers to printfa.o(i._fp_digits) for _fp_digits
    printfa.o(i._printf_core) refers to uidiv.o(.text) for __aeabi_uidivmod
    printfa.o(i._printf_post_padding) refers (Special) to iusefp.o(.text) for __I$use$fp
    printfa.o(i._printf_pre_padding) refers (Special) to iusefp.o(.text) for __I$use$fp
    printfa.o(i._snputc) refers (Special) to iusefp.o(.text) for __I$use$fp
    printfa.o(i._sputc) refers (Special) to iusefp.o(.text) for __I$use$fp
    entry2.o(.ARM.Collect$$$$00000001) refers to entry2.o(.ARM.Collect$$$$00002712) for __lit__00000000
    entry2.o(.ARM.Collect$$$$00002712) refers to startup.o(STACK) for __initial_sp
    entry2.o(__vectab_stack_and_reset_area) refers to startup.o(STACK) for __initial_sp
    entry2.o(__vectab_stack_and_reset_area) refers to entry.o(.ARM.Collect$$$$00000000) for __main
    entry5.o(.ARM.Collect$$$$00000004) refers to init.o(.text) for __scatterload
    entry9a.o(.ARM.Collect$$$$0000000B) refers to user.o(i.main) for main
    entry9b.o(.ARM.Collect$$$$0000000C) refers to user.o(i.main) for main
    uldiv.o(.text) refers to llushr.o(.text) for __aeabi_llsr
    uldiv.o(.text) refers to llshl.o(.text) for __aeabi_llsl
    dadd.o(.text) refers to llshl.o(.text) for __aeabi_llsl
    dadd.o(.text) refers to llsshr.o(.text) for __aeabi_lasr
    dadd.o(.text) refers to depilogue.o(.text) for _double_epilogue
    dmul.o(.text) refers to depilogue.o(.text) for _double_epilogue
    ddiv.o(.text) refers to depilogue.o(.text) for _double_round
    dfixul.o(.text) refers to llushr.o(.text) for __aeabi_llsr
    dfixul.o(.text) refers to llshl.o(.text) for __aeabi_llsl
    init.o(.text) refers to entry5.o(.ARM.Collect$$$$00000004) for __main_after_scatterload
    depilogue.o(.text) refers to llshl.o(.text) for __aeabi_llsl
    depilogue.o(.text) refers to llushr.o(.text) for __aeabi_llsr


==============================================================================

Removing Unused input sections from the image.

    Removing cpu.o(.emb_text), (26 bytes).
    Removing interrupt.o(i.IntDefaultHandler), (4 bytes).
    Removing interrupt.o(i.IntDisable), (128 bytes).
    Removing interrupt.o(i.IntEnable), (128 bytes).
    Removing interrupt.o(i.IntMasterDisable), (10 bytes).
    Removing interrupt.o(i.IntMasterEnable), (10 bytes).
    Removing interrupt.o(i.IntPendClear), (88 bytes).
    Removing interrupt.o(i.IntPendSet), (104 bytes).
    Removing interrupt.o(i.IntPriorityGet), (28 bytes).
    Removing interrupt.o(i.IntPriorityGroupingGet), (44 bytes).
    Removing interrupt.o(i.IntPriorityGroupingSet), (28 bytes).
    Removing interrupt.o(i.IntPrioritySet), (52 bytes).
    Removing interrupt.o(i.IntRegister), (60 bytes).
    Removing interrupt.o(i.IntUnregister), (20 bytes).
    Removing interrupt.o(.constdata), (104 bytes).
    Removing interrupt.o(vtable), (284 bytes).
    Removing sysctl.o(i.SysCtlADCSpeedGet), (16 bytes).
    Removing sysctl.o(i.SysCtlADCSpeedSet), (44 bytes).
    Removing sysctl.o(i.SysCtlBrownOutConfigSet), (16 bytes).
    Removing sysctl.o(i.SysCtlClkVerificationClear), (24 bytes).
    Removing sysctl.o(i.SysCtlDeepSleep), (36 bytes).
    Removing sysctl.o(i.SysCtlFlashSizeGet), (20 bytes).
    Removing sysctl.o(i.SysCtlGPIOAHBDisable), (20 bytes).
    Removing sysctl.o(i.SysCtlGPIOAHBEnable), (20 bytes).
    Removing sysctl.o(i.SysCtlI2SMClkSet), (224 bytes).
    Removing sysctl.o(i.SysCtlIOSCVerificationSet), (36 bytes).
    Removing sysctl.o(i.SysCtlIntClear), (12 bytes).
    Removing sysctl.o(i.SysCtlIntDisable), (16 bytes).
    Removing sysctl.o(i.SysCtlIntEnable), (16 bytes).
    Removing sysctl.o(i.SysCtlIntRegister), (20 bytes).
    Removing sysctl.o(i.SysCtlIntStatus), (20 bytes).
    Removing sysctl.o(i.SysCtlIntUnregister), (16 bytes).
    Removing sysctl.o(i.SysCtlLDOConfigSet), (12 bytes).
    Removing sysctl.o(i.SysCtlLDOGet), (12 bytes).
    Removing sysctl.o(i.SysCtlLDOSet), (12 bytes).
    Removing sysctl.o(i.SysCtlMOSCVerificationSet), (36 bytes).
    Removing sysctl.o(i.SysCtlPLLVerificationSet), (36 bytes).
    Removing sysctl.o(i.SysCtlPWMClockGet), (28 bytes).
    Removing sysctl.o(i.SysCtlPWMClockSet), (20 bytes).
    Removing sysctl.o(i.SysCtlPeripheralClockGating), (36 bytes).
    Removing sysctl.o(i.SysCtlPeripheralDeepSleepDisable), (44 bytes).
    Removing sysctl.o(i.SysCtlPeripheralDeepSleepEnable), (44 bytes).
    Removing sysctl.o(i.SysCtlPeripheralDisable), (44 bytes).
    Removing sysctl.o(i.SysCtlPeripheralPresent), (72 bytes).
    Removing sysctl.o(i.SysCtlPeripheralReset), (104 bytes).
    Removing sysctl.o(i.SysCtlPeripheralSleepDisable), (44 bytes).
    Removing sysctl.o(i.SysCtlPeripheralSleepEnable), (44 bytes).
    Removing sysctl.o(i.SysCtlPinPresent), (24 bytes).
    Removing sysctl.o(i.SysCtlReset), (20 bytes).
    Removing sysctl.o(i.SysCtlResetCauseClear), (16 bytes).
    Removing sysctl.o(i.SysCtlResetCauseGet), (12 bytes).
    Removing sysctl.o(i.SysCtlSRAMSizeGet), (20 bytes).
    Removing sysctl.o(i.SysCtlSleep), (8 bytes).
    Removing sysctl.o(i.SysCtlUSBPLLDisable), (20 bytes).
    Removing sysctl.o(i.SysCtlUSBPLLEnable), (20 bytes).
    Removing gpio.o(i.GPIODirModeGet), (46 bytes).
    Removing gpio.o(i.GPIOGetIntNumber), (180 bytes).
    Removing gpio.o(i.GPIOIntTypeGet), (64 bytes).
    Removing gpio.o(i.GPIOIntTypeSet), (74 bytes).
    Removing gpio.o(i.GPIOPadConfigGet), (244 bytes).
    Removing gpio.o(i.GPIOPinConfigure), (80 bytes).
    Removing gpio.o(i.GPIOPinIntClear), (6 bytes).
    Removing gpio.o(i.GPIOPinIntDisable), (12 bytes).
    Removing gpio.o(i.GPIOPinIntEnable), (12 bytes).
    Removing gpio.o(i.GPIOPinIntStatus), (16 bytes).
    Removing gpio.o(i.GPIOPinRead), (12 bytes).
    Removing gpio.o(i.GPIOPinTypeADC), (30 bytes).
    Removing gpio.o(i.GPIOPinTypeCAN), (30 bytes).
    Removing gpio.o(i.GPIOPinTypeComparator), (30 bytes).
    Removing gpio.o(i.GPIOPinTypeEPI), (30 bytes).
    Removing gpio.o(i.GPIOPinTypeEthernetLED), (30 bytes).
    Removing gpio.o(i.GPIOPinTypeGPIOInput), (30 bytes).
    Removing gpio.o(i.GPIOPinTypeGPIOOutputOD), (30 bytes).
    Removing gpio.o(i.GPIOPinTypeI2C), (30 bytes).
    Removing gpio.o(i.GPIOPinTypeI2S), (30 bytes).
    Removing gpio.o(i.GPIOPinTypePWM), (30 bytes).
    Removing gpio.o(i.GPIOPinTypeQEI), (30 bytes).
    Removing gpio.o(i.GPIOPinTypeTimer), (30 bytes).
    Removing gpio.o(i.GPIOPinTypeUART), (30 bytes).
    Removing gpio.o(i.GPIOPinTypeUSBAnalog), (30 bytes).
    Removing gpio.o(i.GPIOPinTypeUSBDigital), (30 bytes).
    Removing gpio.o(i.GPIOPortIntRegister), (30 bytes).
    Removing gpio.o(i.GPIOPortIntUnregister), (26 bytes).
    Removing gpio.o(.constdata), (72 bytes).
    Removing output.o(i.Output_Clear), (84 bytes).
    Removing output.o(i.Output_Off), (20 bytes).
    Removing output.o(i.Output_On), (20 bytes).
    Removing output.o(i.ferror), (8 bytes).
    Removing output.o(i.fgetc), (6 bytes).
    Removing rit128x96x4.o(i.RIT128x96x4Disable), (92 bytes).
    Removing rit128x96x4.o(i.RIT128x96x4DisplayOff), (16 bytes).
    Removing rit128x96x4.o(i.RIT128x96x4DisplayOn), (40 bytes).
    Removing rit128x96x4.o(i.RIT128x96x4ImageDraw), (116 bytes).
    Removing ssi.o(i.SSIDMADisable), (8 bytes).
    Removing ssi.o(i.SSIDMAEnable), (8 bytes).
    Removing ssi.o(i.SSIDataGet), (18 bytes).
    Removing ssi.o(i.SSIDataGetNonBlocking), (22 bytes).
    Removing ssi.o(i.SSIDataPutNonBlocking), (20 bytes).
    Removing ssi.o(i.SSIIntClear), (4 bytes).
    Removing ssi.o(i.SSIIntDisable), (8 bytes).
    Removing ssi.o(i.SSIIntEnable), (8 bytes).
    Removing ssi.o(i.SSIIntRegister), (40 bytes).
    Removing ssi.o(i.SSIIntStatus), (12 bytes).
    Removing ssi.o(i.SSIIntUnregister), (36 bytes).
    Removing startup.o(HEAP), (0 bytes).
    Removing startup.o(.text), (0 bytes).
    Removing dadd.o(.text), (334 bytes).
    Removing dmul.o(.text), (228 bytes).
    Removing ddiv.o(.text), (222 bytes).
    Removing dfixul.o(.text), (48 bytes).
    Removing cdrcmple.o(.text), (48 bytes).
    Removing depilogue.o(.text), (186 bytes).

112 unused section(s) (total 5378 bytes) removed from the image.

==============================================================================

Image Symbol Table

    Local Symbols

    Symbol Name                              Value     Ov Type        Size  Object(Section)

    RESET                                    0x00000000   Section      632  startup.o(RESET)
    ../clib/microlib/division.c              0x00000000   Number         0  uidiv.o ABSOLUTE
    ../clib/microlib/division.c              0x00000000   Number         0  uldiv.o ABSOLUTE
    ../clib/microlib/init/entry.s            0x00000000   Number         0  entry8b.o ABSOLUTE
    ../clib/microlib/init/entry.s            0x00000000   Number         0  entry10a.o ABSOLUTE
    ../clib/microlib/init/entry.s            0x00000000   Number         0  entry10b.o ABSOLUTE
    ../clib/microlib/init/entry.s            0x00000000   Number         0  entry9b.o ABSOLUTE
    ../clib/microlib/init/entry.s            0x00000000   Number         0  entry9a.o ABSOLUTE
    ../clib/microlib/init/entry.s            0x00000000   Number         0  entry8a.o ABSOLUTE
    ../clib/microlib/init/entry.s            0x00000000   Number         0  entry7b.o ABSOLUTE
    ../clib/microlib/init/entry.s            0x00000000   Number         0  entry7a.o ABSOLUTE
    ../clib/microlib/init/entry.s            0x00000000   Number         0  entry5.o ABSOLUTE
    ../clib/microlib/init/entry.s            0x00000000   Number         0  entry2.o ABSOLUTE
    ../clib/microlib/init/entry.s            0x00000000   Number         0  entry.o ABSOLUTE
    ../clib/microlib/init/entry.s            0x00000000   Number         0  entry11b.o ABSOLUTE
    ../clib/microlib/init/entry.s            0x00000000   Number         0  entry11a.o ABSOLUTE
    ../clib/microlib/longlong.c              0x00000000   Number         0  llshl.o ABSOLUTE
    ../clib/microlib/longlong.c              0x00000000   Number         0  llushr.o ABSOLUTE
    ../clib/microlib/longlong.c              0x00000000   Number         0  llsshr.o ABSOLUTE
    ../clib/microlib/printf/printf.c         0x00000000   Number         0  printf7.o ABSOLUTE
    ../clib/microlib/printf/printf.c         0x00000000   Number         0  printf6.o ABSOLUTE
    ../clib/microlib/printf/printf.c         0x00000000   Number         0  printf5.o ABSOLUTE
    ../clib/microlib/printf/printf.c         0x00000000   Number         0  printf4.o ABSOLUTE
    ../clib/microlib/printf/printf.c         0x00000000   Number         0  printf3.o ABSOLUTE
    ../clib/microlib/printf/printf.c         0x00000000   Number         0  printf2.o ABSOLUTE
    ../clib/microlib/printf/printf.c         0x00000000   Number         0  printf0.o ABSOLUTE
    ../clib/microlib/printf/printf.c         0x00000000   Number         0  printfb.o ABSOLUTE
    ../clib/microlib/printf/printf.c         0x00000000   Number         0  printf1.o ABSOLUTE
    ../clib/microlib/printf/printf.c         0x00000000   Number         0  printfa.o ABSOLUTE
    ../clib/microlib/printf/printf.c         0x00000000   Number         0  printf8.o ABSOLUTE
    ../clib/microlib/printf/stubs.s          0x00000000   Number         0  stubs.o ABSOLUTE
    ../clib/microlib/stdio/streams.c         0x00000000   Number         0  stdout.o ABSOLUTE
    ../clib/microlib/stubs.s                 0x00000000   Number         0  iusefp.o ABSOLUTE
    ../fplib/microlib/fpadd.c                0x00000000   Number         0  dadd.o ABSOLUTE
    ../fplib/microlib/fpdiv.c                0x00000000   Number         0  ddiv.o ABSOLUTE
    ../fplib/microlib/fpepilogue.c           0x00000000   Number         0  depilogue.o ABSOLUTE
    ../fplib/microlib/fpfix.c                0x00000000   Number         0  dfixul.o ABSOLUTE
    ../fplib/microlib/fpmul.c                0x00000000   Number         0  dmul.o ABSOLUTE
    RTE\Device\LM3S1968\Output.c             0x00000000   Number         0  output.o ABSOLUTE
    RTE\Device\LM3S1968\Startup.s            0x00000000   Number         0  startup.o ABSOLUTE
    RTE\Device\LM3S1968\cpu.c                0x00000000   Number         0  cpu.o ABSOLUTE
    RTE\Device\LM3S1968\gpio.c               0x00000000   Number         0  gpio.o ABSOLUTE
    RTE\Device\LM3S1968\interrupt.c          0x00000000   Number         0  interrupt.o ABSOLUTE
    RTE\Device\LM3S1968\os.c                 0x00000000   Number         0  os.o ABSOLUTE
    RTE\Device\LM3S1968\osasm.s              0x00000000   Number         0  osasm.o ABSOLUTE
    RTE\Device\LM3S1968\rit128x96x4.c        0x00000000   Number         0  rit128x96x4.o ABSOLUTE
    RTE\Device\LM3S1968\ssi.c                0x00000000   Number         0  ssi.o ABSOLUTE
    RTE\Device\LM3S1968\sysctl.c             0x00000000   Number         0  sysctl.o ABSOLUTE
    RTE\Device\LM3S1968\user.c               0x00000000   Number         0  user.o ABSOLUTE
    RTE\\Device\\LM3S1968\\cpu.c             0x00000000   Number         0  cpu.o ABSOLUTE
    RTE\\Device\\LM3S1968\\sysctl.c          0x00000000   Number         0  sysctl.o ABSOLUTE
    RTE\\Device\\LM3S1968\\user.c            0x00000000   Number         0  user.o ABSOLUTE
    cdrcmple.s                               0x00000000   Number         0  cdrcmple.o ABSOLUTE
    dc.s                                     0x00000000   Number         0  dc.o ABSOLUTE
    handlers.s                               0x00000000   Number         0  handlers.o ABSOLUTE
    init.s                                   0x00000000   Number         0  init.o ABSOLUTE
    NmiSR                                    0x00000271   Thumb Code     0  startup.o(RESET)
    FaultISR                                 0x00000273   Thumb Code     0  startup.o(RESET)
    IntDefaultHandler                        0x00000275   Thumb Code     0  startup.o(RESET)
    .ARM.Collect$$$$00000000                 0x00000278   Section        0  entry.o(.ARM.Collect$$$$00000000)
    .ARM.Collect$$$$00000001                 0x00000278   Section        4  entry2.o(.ARM.Collect$$$$00000001)
    .ARM.Collect$$$$00000004                 0x0000027c   Section        4  entry5.o(.ARM.Collect$$$$00000004)
    .ARM.Collect$$$$00000008                 0x00000280   Section        0  entry7b.o(.ARM.Collect$$$$00000008)
    .ARM.Collect$$$$0000000A                 0x00000280   Section        0  entry8b.o(.ARM.Collect$$$$0000000A)
    .ARM.Collect$$$$0000000B                 0x00000280   Section        8  entry9a.o(.ARM.Collect$$$$0000000B)
    .ARM.Collect$$$$0000000D                 0x00000288   Section        0  entry10a.o(.ARM.Collect$$$$0000000D)
    .ARM.Collect$$$$0000000F                 0x00000288   Section        0  entry11a.o(.ARM.Collect$$$$0000000F)
    .ARM.Collect$$$$00002712                 0x00000288   Section        4  entry2.o(.ARM.Collect$$$$00002712)
    __lit__00000000                          0x00000288   Data           4  entry2.o(.ARM.Collect$$$$00002712)
    .emb_text                                0x0000028c   Section        6  user.o(.emb_text)
    .emb_text                                0x00000294   Section        6  sysctl.o(.emb_text)
    .text                                    0x0000029c   Section       88  osasm.o(.text)
    .text                                    0x000002f4   Section        0  uidiv.o(.text)
    .text                                    0x00000320   Section       36  init.o(.text)
    i.GPIODirModeSet                         0x00000344   Section        0  gpio.o(i.GPIODirModeSet)
    i.GPIOPadConfigSet                       0x00000376   Section        0  gpio.o(i.GPIOPadConfigSet)
    i.GPIOPinTypeGPIOOutput                  0x0000044e   Section        0  gpio.o(i.GPIOPinTypeGPIOOutput)
    i.GPIOPinTypeSSI                         0x0000046c   Section        0  gpio.o(i.GPIOPinTypeSSI)
    i.GPIOPinWrite                           0x0000048a   Section        0  gpio.o(i.GPIOPinWrite)
    i.OS_AddThreads                          0x00000494   Section        0  os.o(i.OS_AddThreads)
    i.OS_Init                                0x000004f8   Section        0  os.o(i.OS_Init)
    i.OS_Launch                              0x0000052c   Section        0  os.o(i.OS_Launch)
    i.Output_Color                           0x00000544   Section        0  output.o(i.Output_Color)
    i.Output_Init                            0x0000055c   Section        0  output.o(i.Output_Init)
    i.RIT128x96x4Clear                       0x000005cc   Section        0  rit128x96x4.o(i.RIT128x96x4Clear)
    i.RIT128x96x4Enable                      0x0000061c   Section        0  rit128x96x4.o(i.RIT128x96x4Enable)
    i.RIT128x96x4Init                        0x00000680   Section        0  rit128x96x4.o(i.RIT128x96x4Init)
    i.RIT128x96x4StringDraw                  0x00000728   Section        0  rit128x96x4.o(i.RIT128x96x4StringDraw)
    i.RITWriteCommand                        0x00000810   Section        0  rit128x96x4.o(i.RITWriteCommand)
    RITWriteCommand                          0x00000811   Thumb Code   124  rit128x96x4.o(i.RITWriteCommand)
    i.RITWriteData                           0x00000898   Section        0  rit128x96x4.o(i.RITWriteData)
    RITWriteData                             0x00000899   Thumb Code   124  rit128x96x4.o(i.RITWriteData)
    i.SSIBusy                                0x00000920   Section        0  ssi.o(i.SSIBusy)
    i.SSIConfigSetExpClk                     0x0000092a   Section        0  ssi.o(i.SSIConfigSetExpClk)
    i.SSIDataPut                             0x00000990   Section        0  ssi.o(i.SSIDataPut)
    i.SSIDisable                             0x000009a0   Section        0  ssi.o(i.SSIDisable)
    i.SSIEnable                              0x000009aa   Section        0  ssi.o(i.SSIEnable)
    i.SetInitialStack                        0x000009b4   Section        0  os.o(i.SetInitialStack)
    i.SysCtlClockGet                         0x00000b00   Section        0  sysctl.o(i.SysCtlClockGet)
    i.SysCtlClockSet                         0x00000ce8   Section        0  sysctl.o(i.SysCtlClockSet)
    i.SysCtlPeripheralEnable                 0x00000e44   Section        0  sysctl.o(i.SysCtlPeripheralEnable)
    i.Task1                                  0x00000e70   Section        0  user.o(i.Task1)
    i.Task2                                  0x00000ed0   Section        0  user.o(i.Task2)
    i.Task3                                  0x00000f28   Section        0  user.o(i.Task3)
    i.__0printf$3                            0x00000f80   Section        0  printf3.o(i.__0printf$3)
    i.__scatterload_copy                     0x00000fa0   Section       14  handlers.o(i.__scatterload_copy)
    i.__scatterload_null                     0x00000fae   Section        2  handlers.o(i.__scatterload_null)
    i.__scatterload_zeroinit                 0x00000fb0   Section       14  handlers.o(i.__scatterload_zeroinit)
    i._printf_core                           0x00000fc0   Section        0  printf3.o(i._printf_core)
    _printf_core                             0x00000fc1   Thumb Code   436  printf3.o(i._printf_core)
    i.fputc                                  0x00001178   Section        0  output.o(i.fputc)
    i.main                                   0x000013c4   Section        0  user.o(i.main)
    i.shiftEverythingUp                      0x000013f4   Section        0  output.o(i.shiftEverythingUp)
    .constdata                               0x000014bc   Section      156  sysctl.o(.constdata)
    g_pulDCRegs                              0x000014bc   Data          16  sysctl.o(.constdata)
    g_pulSRCRRegs                            0x000014cc   Data          12  sysctl.o(.constdata)
    g_pulRCGCRegs                            0x000014d8   Data          12  sysctl.o(.constdata)
    g_pulSCGCRegs                            0x000014e4   Data          12  sysctl.o(.constdata)
    g_pulDCGCRegs                            0x000014f0   Data          12  sysctl.o(.constdata)
    g_pulXtals                               0x000014fc   Data          92  sysctl.o(.constdata)
    .constdata                               0x00001558   Section      571  rit128x96x4.o(.constdata)
    g_pucRIT128x96x4VerticalInc              0x00001558   Data           2  rit128x96x4.o(.constdata)
    g_pucRIT128x96x4HorizontalInc            0x0000155a   Data           2  rit128x96x4.o(.constdata)
    g_pucFont                                0x0000155c   Data         480  rit128x96x4.o(.constdata)
    g_pucRIT128x96x4Init                     0x0000173c   Data          79  rit128x96x4.o(.constdata)
    pucCommand1                              0x0000178b   Data           3  rit128x96x4.o(.constdata)
    pucCommand2                              0x0000178e   Data           3  rit128x96x4.o(.constdata)
    pucCommand1                              0x00001791   Data           2  rit128x96x4.o(.constdata)
    .data                                    0x20000000   Section        4  os.o(.data)
    .data                                    0x20000004   Section       12  user.o(.data)
    .data                                    0x20000010   Section        6  output.o(.data)
    CursorX                                  0x20000010   Data           2  output.o(.data)
    CursorY                                  0x20000012   Data           2  output.o(.data)
    Color                                    0x20000014   Data           1  output.o(.data)
    Status                                   0x20000015   Data           1  output.o(.data)
    .data                                    0x20000018   Section       12  rit128x96x4.o(.data)
    g_ulSSIFlags                             0x20000018   Data           4  rit128x96x4.o(.data)
    g_pucBuffer                              0x2000001c   Data           8  rit128x96x4.o(.data)
    .data                                    0x20000024   Section        4  stdout.o(.data)
    .bss                                     0x20000028   Section     1224  os.o(.bss)
    .bss                                     0x200004f0   Section      504  output.o(.bss)
    CharBuffer                               0x200004f0   Data         252  output.o(.bss)
    ColorBuffer                              0x200005ec   Data         252  output.o(.bss)
    STACK                                    0x200006e8   Section      256  startup.o(STACK)
    StackMem                                 0x200006e8   Data           0  startup.o(STACK)

    Global Symbols

    Symbol Name                              Value     Ov Type        Size  Object(Section)

    BuildAttributes$$THM_ISAv4$P$D$K$B$S$PE$A:L22UL41UL21$X:L11$S22US41US21$IEEE1$IW$USESV6$~STKCKD$USESV7$~SHL$OSPACE$ROPI$EBA8$MICROLIB$REQ8$PRES8$EABIv2 0x00000000   Number         0  anon$$obj.o ABSOLUTE
    __ARM_use_no_argv                        0x00000000   Number         0  user.o ABSOLUTE
    __Vectors                                0x00000000   Data           0  startup.o(RESET)
    _printf_a                                0x00000000   Number         0  stubs.o ABSOLUTE
    _printf_c                                0x00000000   Number         0  stubs.o ABSOLUTE
    _printf_charcount                        0x00000000   Number         0  stubs.o ABSOLUTE
    _printf_d                                0x00000000   Number         0  stubs.o ABSOLUTE
    _printf_e                                0x00000000   Number         0  stubs.o ABSOLUTE
    _printf_f                                0x00000000   Number         0  stubs.o ABSOLUTE
    _printf_flags                            0x00000000   Number         0  stubs.o ABSOLUTE
    _printf_fp_dec                           0x00000000   Number         0  stubs.o ABSOLUTE
    _printf_fp_hex                           0x00000000   Number         0  stubs.o ABSOLUTE
    _printf_g                                0x00000000   Number         0  stubs.o ABSOLUTE
    _printf_i                                0x00000000   Number         0  stubs.o ABSOLUTE
    _printf_int_dec                          0x00000000   Number         0  stubs.o ABSOLUTE
    _printf_l                                0x00000000   Number         0  stubs.o ABSOLUTE
    _printf_lc                               0x00000000   Number         0  stubs.o ABSOLUTE
    _printf_ll                               0x00000000   Number         0  stubs.o ABSOLUTE
    _printf_lld                              0x00000000   Number         0  stubs.o ABSOLUTE
    _printf_lli                              0x00000000   Number         0  stubs.o ABSOLUTE
    _printf_llo                              0x00000000   Number         0  stubs.o ABSOLUTE
    _printf_llu                              0x00000000   Number         0  stubs.o ABSOLUTE
    _printf_llx                              0x00000000   Number         0  stubs.o ABSOLUTE
    _printf_longlong_dec                     0x00000000   Number         0  stubs.o ABSOLUTE
    _printf_longlong_hex                     0x00000000   Number         0  stubs.o ABSOLUTE
    _printf_longlong_oct                     0x00000000   Number         0  stubs.o ABSOLUTE
    _printf_ls                               0x00000000   Number         0  stubs.o ABSOLUTE
    _printf_mbtowc                           0x00000000   Number         0  stubs.o ABSOLUTE
    _printf_n                                0x00000000   Number         0  stubs.o ABSOLUTE
    _printf_o                                0x00000000   Number         0  stubs.o ABSOLUTE
    _printf_p                                0x00000000   Number         0  stubs.o ABSOLUTE
    _printf_percent                          0x00000000   Number         0  stubs.o ABSOLUTE
    _printf_pre_padding                      0x00000000   Number         0  stubs.o ABSOLUTE
    _printf_return_value                     0x00000000   Number         0  stubs.o ABSOLUTE
    _printf_s                                0x00000000   Number         0  stubs.o ABSOLUTE
    _printf_sizespec                         0x00000000   Number         0  stubs.o ABSOLUTE
    _printf_str                              0x00000000   Number         0  stubs.o ABSOLUTE
    _printf_truncate_signed                  0x00000000   Number         0  stubs.o ABSOLUTE
    _printf_truncate_unsigned                0x00000000   Number         0  stubs.o ABSOLUTE
    _printf_u                                0x00000000   Number         0  stubs.o ABSOLUTE
    _printf_wc                               0x00000000   Number         0  stubs.o ABSOLUTE
    _printf_wctomb                           0x00000000   Number         0  stubs.o ABSOLUTE
    _printf_widthprec                        0x00000000   Number         0  stubs.o ABSOLUTE
    _printf_x                                0x00000000   Number         0  stubs.o ABSOLUTE
    __cpp_initialize__aeabi_                  - Undefined Weak Reference
    __cxa_finalize                            - Undefined Weak Reference
    __decompress                              - Undefined Weak Reference
    _clock_init                               - Undefined Weak Reference
    _microlib_exit                            - Undefined Weak Reference
    Reset_Handler                            0x0000026d   Thumb Code     0  startup.o(RESET)
    __main                                   0x00000279   Thumb Code     0  entry.o(.ARM.Collect$$$$00000000)
    _main_stk                                0x00000279   Thumb Code     0  entry2.o(.ARM.Collect$$$$00000001)
    _main_scatterload                        0x0000027d   Thumb Code     0  entry5.o(.ARM.Collect$$$$00000004)
    __main_after_scatterload                 0x00000281   Thumb Code     0  entry5.o(.ARM.Collect$$$$00000004)
    _main_clock                              0x00000281   Thumb Code     0  entry7b.o(.ARM.Collect$$$$00000008)
    _main_cpp_init                           0x00000281   Thumb Code     0  entry8b.o(.ARM.Collect$$$$0000000A)
    _main_init                               0x00000281   Thumb Code     0  entry9a.o(.ARM.Collect$$$$0000000B)
    __rt_final_cpp                           0x00000289   Thumb Code     0  entry10a.o(.ARM.Collect$$$$0000000D)
    __rt_final_exit                          0x00000289   Thumb Code     0  entry11a.o(.ARM.Collect$$$$0000000F)
    Delay                                    0x0000028d   Thumb Code     6  user.o(.emb_text)
    SysCtlDelay                              0x00000295   Thumb Code     6  sysctl.o(.emb_text)
    OS_DisableInterrupts                     0x0000029d   Thumb Code     0  osasm.o(.text)
    OS_EnableInterrupts                      0x000002a1   Thumb Code     0  osasm.o(.text)
    StartCritical                            0x000002a5   Thumb Code     0  osasm.o(.text)
    EndCritical                              0x000002ad   Thumb Code     0  osasm.o(.text)
    SysTick_Handler                          0x000002b3   Thumb Code     0  osasm.o(.text)
    StartOS                                  0x000002d1   Thumb Code     0  osasm.o(.text)
    __aeabi_uidiv                            0x000002f5   Thumb Code     0  uidiv.o(.text)
    __aeabi_uidivmod                         0x000002f5   Thumb Code    44  uidiv.o(.text)
    __scatterload                            0x00000321   Thumb Code    28  init.o(.text)
    __scatterload_rt2                        0x00000321   Thumb Code     0  init.o(.text)
    GPIODirModeSet                           0x00000345   Thumb Code    50  gpio.o(i.GPIODirModeSet)
    GPIOPadConfigSet                         0x00000377   Thumb Code   216  gpio.o(i.GPIOPadConfigSet)
    GPIOPinTypeGPIOOutput                    0x0000044f   Thumb Code    30  gpio.o(i.GPIOPinTypeGPIOOutput)
    GPIOPinTypeSSI                           0x0000046d   Thumb Code    30  gpio.o(i.GPIOPinTypeSSI)
    GPIOPinWrite                             0x0000048b   Thumb Code    10  gpio.o(i.GPIOPinWrite)
    OS_AddThreads                            0x00000495   Thumb Code    88  os.o(i.OS_AddThreads)
    OS_Init                                  0x000004f9   Thumb Code    44  os.o(i.OS_Init)
    OS_Launch                                0x0000052d   Thumb Code    22  os.o(i.OS_Launch)
    Output_Color                             0x00000545   Thumb Code    18  output.o(i.Output_Color)
    Output_Init                              0x0000055d   Thumb Code    82  output.o(i.Output_Init)
    RIT128x96x4Clear                         0x000005cd   Thumb Code    64  rit128x96x4.o(i.RIT128x96x4Clear)
    RIT128x96x4Enable                        0x0000061d   Thumb Code    90  rit128x96x4.o(i.RIT128x96x4Enable)
    RIT128x96x4Init                          0x00000681   Thumb Code   146  rit128x96x4.o(i.RIT128x96x4Init)
    RIT128x96x4StringDraw                    0x00000729   Thumb Code   218  rit128x96x4.o(i.RIT128x96x4StringDraw)
    SSIBusy                                  0x00000921   Thumb Code    10  ssi.o(i.SSIBusy)
    SSIConfigSetExpClk                       0x0000092b   Thumb Code   102  ssi.o(i.SSIConfigSetExpClk)
    SSIDataPut                               0x00000991   Thumb Code    16  ssi.o(i.SSIDataPut)
    SSIDisable                               0x000009a1   Thumb Code    10  ssi.o(i.SSIDisable)
    SSIEnable                                0x000009ab   Thumb Code    10  ssi.o(i.SSIEnable)
    SetInitialStack                          0x000009b5   Thumb Code   324  os.o(i.SetInitialStack)
    SysCtlClockGet                           0x00000b01   Thumb Code   442  sysctl.o(i.SysCtlClockGet)
    SysCtlClockSet                           0x00000ce9   Thumb Code   322  sysctl.o(i.SysCtlClockSet)
    SysCtlPeripheralEnable                   0x00000e45   Thumb Code    40  sysctl.o(i.SysCtlPeripheralEnable)
    Task1                                    0x00000e71   Thumb Code    64  user.o(i.Task1)
    Task2                                    0x00000ed1   Thumb Code    58  user.o(i.Task2)
    Task3                                    0x00000f29   Thumb Code    58  user.o(i.Task3)
    __0printf$3                              0x00000f81   Thumb Code    22  printf3.o(i.__0printf$3)
    __1printf$3                              0x00000f81   Thumb Code     0  printf3.o(i.__0printf$3)
    __2printf                                0x00000f81   Thumb Code     0  printf3.o(i.__0printf$3)
    __scatterload_copy                       0x00000fa1   Thumb Code    14  handlers.o(i.__scatterload_copy)
    __scatterload_null                       0x00000faf   Thumb Code     2  handlers.o(i.__scatterload_null)
    __scatterload_zeroinit                   0x00000fb1   Thumb Code    14  handlers.o(i.__scatterload_zeroinit)
    fputc                                    0x00001179   Thumb Code   562  output.o(i.fputc)
    main                                     0x000013c5   Thumb Code    32  user.o(i.main)
    shiftEverythingUp                        0x000013f5   Thumb Code   186  output.o(i.shiftEverythingUp)
    Region$$Table$$Base                      0x00001794   Number         0  anon$$obj.o(Region$$Table)
    Region$$Table$$Limit                     0x000017b4   Number         0  anon$$obj.o(Region$$Table)
    RunPt                                    0x20000000   Data           4  os.o(.data)
    Count1                                   0x20000004   Data           4  user.o(.data)
    Count2                                   0x20000008   Data           4  user.o(.data)
    Count3                                   0x2000000c   Data           4  user.o(.data)
    __stdout                                 0x20000024   Data           4  stdout.o(.data)
    tcbs                                     0x20000028   Data          24  os.o(.bss)
    Stacks                                   0x20000040   Data        1200  os.o(.bss)
    __initial_sp                             0x200007e8   Data           0  startup.o(STACK)



==============================================================================

Memory Map of the image

  Image Entry point : 0x0000026d

  Load Region LR_1 (Base: 0x00000000, Size: 0x000017dc, Max: 0xffffffff, ABSOLUTE)

    Execution Region ER_RO (Base: 0x00000000, Size: 0x000017b4, Max: 0xffffffff, ABSOLUTE)

    Base Addr    Size         Type   Attr      Idx    E Section Name        Object

    0x00000000   0x00000278   Code   RO          932  * RESET               startup.o
    0x00000278   0x00000000   Code   RO          936  * .ARM.Collect$$$$00000000  mc_w.l(entry.o)
    0x00000278   0x00000004   Code   RO         1200    .ARM.Collect$$$$00000001  mc_w.l(entry2.o)
    0x0000027c   0x00000004   Code   RO         1203    .ARM.Collect$$$$00000004  mc_w.l(entry5.o)
    0x00000280   0x00000000   Code   RO         1205    .ARM.Collect$$$$00000008  mc_w.l(entry7b.o)
    0x00000280   0x00000000   Code   RO         1207    .ARM.Collect$$$$0000000A  mc_w.l(entry8b.o)
    0x00000280   0x00000008   Code   RO         1208    .ARM.Collect$$$$0000000B  mc_w.l(entry9a.o)
    0x00000288   0x00000000   Code   RO         1210    .ARM.Collect$$$$0000000D  mc_w.l(entry10a.o)
    0x00000288   0x00000000   Code   RO         1212    .ARM.Collect$$$$0000000F  mc_w.l(entry11a.o)
    0x00000288   0x00000004   Code   RO         1201    .ARM.Collect$$$$00002712  mc_w.l(entry2.o)
    0x0000028c   0x00000006   Code   RO           57    .emb_text           user.o
    0x00000292   0x00000002   PAD
    0x00000294   0x00000006   Code   RO          205    .emb_text           sysctl.o
    0x0000029a   0x00000002   PAD
    0x0000029c   0x00000058   Code   RO            1    .text               osasm.o
    0x000002f4   0x0000002c   Code   RO         1215    .text               mc_w.l(uidiv.o)
    0x00000320   0x00000024   Code   RO         1230    .text               mc_w.l(init.o)
    0x00000344   0x00000032   Code   RO          473    i.GPIODirModeSet    gpio.o
    0x00000376   0x000000d8   Code   RO          478    i.GPIOPadConfigSet  gpio.o
    0x0000044e   0x0000001e   Code   RO          491    i.GPIOPinTypeGPIOOutput  gpio.o
    0x0000046c   0x0000001e   Code   RO          497    i.GPIOPinTypeSSI    gpio.o
    0x0000048a   0x0000000a   Code   RO          502    i.GPIOPinWrite      gpio.o
    0x00000494   0x00000064   Code   RO            6    i.OS_AddThreads     os.o
    0x000004f8   0x00000034   Code   RO            7    i.OS_Init           os.o
    0x0000052c   0x00000016   Code   RO            8    i.OS_Launch         os.o
    0x00000542   0x00000002   PAD
    0x00000544   0x00000018   Code   RO          687    i.Output_Color      output.o
    0x0000055c   0x00000070   Code   RO          688    i.Output_Init       output.o
    0x000005cc   0x00000050   Code   RO          752    i.RIT128x96x4Clear  rit128x96x4.o
    0x0000061c   0x00000064   Code   RO          756    i.RIT128x96x4Enable  rit128x96x4.o
    0x00000680   0x000000a8   Code   RO          758    i.RIT128x96x4Init   rit128x96x4.o
    0x00000728   0x000000e8   Code   RO          759    i.RIT128x96x4StringDraw  rit128x96x4.o
    0x00000810   0x00000088   Code   RO          760    i.RITWriteCommand   rit128x96x4.o
    0x00000898   0x00000088   Code   RO          761    i.RITWriteData      rit128x96x4.o
    0x00000920   0x0000000a   Code   RO          828    i.SSIBusy           ssi.o
    0x0000092a   0x00000066   Code   RO          829    i.SSIConfigSetExpClk  ssi.o
    0x00000990   0x00000010   Code   RO          834    i.SSIDataPut        ssi.o
    0x000009a0   0x0000000a   Code   RO          836    i.SSIDisable        ssi.o
    0x000009aa   0x0000000a   Code   RO          837    i.SSIEnable         ssi.o
    0x000009b4   0x0000014c   Code   RO            9    i.SetInitialStack   os.o
    0x00000b00   0x000001e8   Code   RO          210    i.SysCtlClockGet    sysctl.o
    0x00000ce8   0x0000015c   Code   RO          211    i.SysCtlClockSet    sysctl.o
    0x00000e44   0x0000002c   Code   RO          235    i.SysCtlPeripheralEnable  sysctl.o
    0x00000e70   0x00000060   Code   RO           58    i.Task1             user.o
    0x00000ed0   0x00000058   Code   RO           59    i.Task2             user.o
    0x00000f28   0x00000058   Code   RO           60    i.Task3             user.o
    0x00000f80   0x00000020   Code   RO         1028    i.__0printf$3       mc_w.l(printf3.o)
    0x00000fa0   0x0000000e   Code   RO         1242    i.__scatterload_copy  mc_w.l(handlers.o)
    0x00000fae   0x00000002   Code   RO         1243    i.__scatterload_null  mc_w.l(handlers.o)
    0x00000fb0   0x0000000e   Code   RO         1244    i.__scatterload_zeroinit  mc_w.l(handlers.o)
    0x00000fbe   0x00000002   PAD
    0x00000fc0   0x000001b8   Code   RO         1035    i._printf_core      mc_w.l(printf3.o)
    0x00001178   0x0000024c   Code   RO          693    i.fputc             output.o
    0x000013c4   0x00000030   Code   RO           61    i.main              user.o
    0x000013f4   0x000000c8   Code   RO          694    i.shiftEverythingUp  output.o
    0x000014bc   0x0000009c   Data   RO          248    .constdata          sysctl.o
    0x00001558   0x0000023b   Data   RO          762    .constdata          rit128x96x4.o
    0x00001793   0x00000001   PAD
    0x00001794   0x00000020   Data   RO         1240    Region$$Table       anon$$obj.o


    Execution Region ER_RW (Base: 0x20000000, Size: 0x00000028, Max: 0xffffffff, ABSOLUTE)

    Base Addr    Size         Type   Attr      Idx    E Section Name        Object

    0x20000000   0x00000004   Data   RW           11    .data               os.o
    0x20000004   0x0000000c   Data   RW           62    .data               user.o
    0x20000010   0x00000006   Data   RW          696    .data               output.o
    0x20000016   0x00000002   PAD
    0x20000018   0x0000000c   Data   RW          763    .data               rit128x96x4.o
    0x20000024   0x00000004   Data   RW         1214    .data               mc_w.l(stdout.o)


    Execution Region ER_ZI (Base: 0x20000028, Size: 0x000007c0, Max: 0xffffffff, ABSOLUTE)

    Base Addr    Size         Type   Attr      Idx    E Section Name        Object

    0x20000028   0x000004c8   Zero   RW           10    .bss                os.o
    0x200004f0   0x000001f8   Zero   RW          695    .bss                output.o
    0x200006e8   0x00000100   Zero   RW          930    STACK               startup.o


==============================================================================

Image component sizes


      Code (inc. data)   RO Data    RW Data    ZI Data      Debug   Object Name

       336          0          0          0          0       3100   gpio.o
       506         28          0          4       1224       8872   os.o
        88          4          0          0          0        320   osasm.o
       924         76          0          6        504       3417   output.o
       852         86        571         12          0       5729   rit128x96x4.o
       148          0          0          0          0       2801   ssi.o
       632        622          0          0        256        264   startup.o
       886         76        156          0          0       3727   sysctl.o
       326        108          0         12          0       2478   user.o

    ----------------------------------------------------------------------
      4704       1000        760         36       1984      30708   Object Totals
         0          0         32          0          0          0   (incl. Generated)
         6          0          1          2          0          0   (incl. Padding)

    ----------------------------------------------------------------------

      Code (inc. data)   RO Data    RW Data    ZI Data      Debug   Library Member Name

         0          0          0          0          0          0   entry.o
         0          0          0          0          0          0   entry10a.o
         0          0          0          0          0          0   entry11a.o
         8          4          0          0          0          0   entry2.o
         4          0          0          0          0          0   entry5.o
         0          0          0          0          0          0   entry7b.o
         0          0          0          0          0          0   entry8b.o
         8          4          0          0          0          0   entry9a.o
        30          0          0          0          0          0   handlers.o
        36          8          0          0          0         68   init.o
       472         14          0          0          0        184   printf3.o
         0          0          0          4          0          0   stdout.o
        44          0          0          0          0         80   uidiv.o

    ----------------------------------------------------------------------
       604         30          0          4          0        332   Library Totals
         2          0          0          0          0          0   (incl. Padding)

    ----------------------------------------------------------------------

      Code (inc. data)   RO Data    RW Data    ZI Data      Debug   Library Name

       602         30          0          4          0        332   mc_w.l

    ----------------------------------------------------------------------
       604         30          0          4          0        332   Library Totals

    ----------------------------------------------------------------------

==============================================================================


      Code (inc. data)   RO Data    RW Data    ZI Data      Debug   

      5308       1030        760         40       1984      29580   Grand Totals
      5308       1030        760         40       1984      29580   ELF Image Totals
      5308       1030        760         40          0          0   ROM Totals

==============================================================================

    Total RO  Size (Code + RO Data)                 6068 (   5.93kB)
    Total RW  Size (RW Data + ZI Data)              2024 (   1.98kB)
    Total ROM Size (Code + RO Data + RW Data)       6108 (   5.96kB)

==============================================================================

